[retry] attempt 1/2: node tools/update-ebay-psa10-active-links.js
OP-01 #1 OP01-120: active=6
OP-01 #2 OP01-003: active=3
  sanity-drop OP-01 OP01-001: best $166 < 35% of sold-mid $574
OP-01 #3 OP01-001: active=0
OP-01 #4 OP01-002: active=1
OP-01 #5 OP01-016: active=33
OP-01 #6 OP01-060: active=1
OP-01 #7 OP01-025: active=3
OP-01 #8 OP01-024: active=4
OP-01 #9 OP01-078: active=3
OP-01 #10 OP01-062: active=1
  raw-drop OP-02 OP02-013: PSA10 $210 < 35% of raw-NM $1119 (변형 오매칭)
OP-02 #1 OP02-013: active=0
OP-02 #2 OP02-026: active=1
OP-02 #3 OP02-002: active=1
OP-02 #4 OP02-001: active=1
OP-02 #5 OP02-093: active=3
OP-02 #6 OP02-062: active=1
OP-02 #7 OP02-036: active=3
OP-02 #8 OP02-041: active=2
OP-02 #9 OP02-013: active=2
OP-02 #10 OP02-059: active=37
OP-03 #1 OP03-122: active=11
OP-03 #2 ST01-012: active=8
OP-03 #3 OP03-040: active=1
OP-03 #4 ST03-009: active=4
OP-03 #5 OP01-051: active=12
OP-03 #6 OP03-099: active=2
OP-03 #7 OP03-001: active=1
OP-03 #8 ST04-003: active=4
OP-03 #9 OP03-022: active=1
OP-03 #10 OP03-122: active=3
OP-04 #1 OP01-078: active=3
OP-04 #2 OP04-083: active=1
OP-04 #3 OP01-047: active=1
OP-04 #4 OP02-004: active=1
OP-04 #5 OP04-001: active=2
OP-04 #6 OP04-019: active=0
OP-04 #7 OP02-099: active=1
OP-04 #8 OP04-064: active=4
OP-04 #9 OP04-039: active=4
OP-04 #10 OP02-085: active=6
  raw-drop OP-05 OP05-119: PSA10 $101 < 35% of raw-NM $5015 (변형 오매칭)
OP-05 #1 OP05-119: active=0
OP-05 #2 ST01-012: active=1
OP-05 #3 OP05-069: active=1
  set-mismatch OP-05 OP05-074: listing Set="OP01" ≠ OP-05 — drop (재판 오매칭)
OP-05 #4 OP05-074: active=0
OP-05 #5 OP01-016: active=14
OP-05 #6 OP05-119: active=20
OP-05 #7 OP02-120: active=1
OP-05 #8 OP01-121: active=8
OP-05 #9 OP05-100: active=7
OP-05 #10 OP04-044: active=4
OP-06 #1 OP06-118: active=4
OP-06 #2 OP04-064: active=5
OP-06 #3 ST01-007: active=0
OP-06 #4 OP06-118: active=8
OP-06 #5 OP03-008: active=6
OP-06 #6 OP05-091: active=10
OP-06 #7 OP03-114: active=1
OP-06 #8 OP06-022: active=2
OP-06 #9 OP04-024: active=9
OP-06 #10 OP06-021: active=2
OP-07 #1 OP07-051: active=4
OP-07 #2 OP06-101: active=1
OP-07 #3 ST10-010: active=0
OP-07 #4 OP07-038: active=1
OP-07 #5 OP01-073: active=1
OP-07 #6 OP05-074: active=8
OP-07 #7 OP07-109: active=0
OP-07 #8 OP07-051: active=4
OP-07 #9 OP07-019: active=6
OP-07 #10 OP01-035: active=1
OP-08 #1 OP08-118: active=5
OP-08 #2 OP07-109: active=0
OP-08 #3 OP02-013: active=3
OP-08 #4 ST02-007: active=18
OP-08 #5 OP03-112: active=1
OP-08 #6 OP08-001: active=2
OP-08 #7 ST06-006: active=4
OP-08 #8 ST03-004: active=4
OP-08 #9 ST04-005: active=4
OP-08 #10 OP08-058: active=3
  raw-drop OP-09 OP09-118: PSA10 $242 < 35% of raw-NM $5015 (변형 오매칭)
OP-09 #1 OP09-118: active=0
OP-09 #2 OP09-119: active=1
OP-09 #3 OP09-004: active=4
OP-09 #4 OP09-093: active=3
OP-09 #5 OP09-051: active=6
OP-09 #6 OP08-106: active=4
OP-09 #7 OP07-051: active=4
OP-09 #8 OP05-119: active=4
OP-09 #9 OP05-067: active=3
OP-09 #10 OP09-004: active=3
OP-10 #1 OP10-119: active=2
OP-10 #2 ST15-002: active=9
OP-10 #3 OP08-052: active=0
OP-10 #4 ST14-003: active=4
OP-10 #5 ST18-001: active=4
OP-10 #6 OP10-118: active=11
OP-10 #7 OP10-019: active=2
OP-10 #8 ST12-012: active=6
OP-10 #9 EB01-056: active=3
OP-10 #10 OP10-099: active=1
  raw-drop OP-11 OP05-119: PSA10 $1091 < 35% of raw-NM $9302 (변형 오매칭)
OP-11 #1 OP05-119: active=0
  raw-drop OP-11 OP05-119: PSA10 $1091 < 35% of raw-NM $5015 (변형 오매칭)
OP-11 #2 OP05-119: active=0
OP-11 #3 OP11-118: active=1
OP-11 #4 OP11-080: active=17
OP-11 #5 ST18-005: active=6
OP-11 #6 ST16-004: active=4
OP-11 #7 OP06-119: active=1
OP-11 #8 OP07-085: active=6
OP-11 #9 EB01-057: active=1
OP-11 #10 OP11-041: active=18
OP-12 #1 OP09-093: active=1
OP-12 #2 OP09-093: active=4
OP-12 #3 OP12-118: active=1
OP-12 #4 ST18-004: active=3
OP-12 #5 OP12-037: active=2
OP-12 #6 ST13-011: active=2
OP-12 #7 OP06-050: active=3
OP-12 #8 OP10-082: active=2
OP-12 #9 OP10-063: active=0
OP-12 #10 OP12-034: active=0
OP-13 #1 OP13-118: active=0
OP-13 #2 OP13-119: active=1
OP-13 #3 OP13-120: active=2
OP-13 #4 OP13-118: active=10
  raw-drop OP-13 OP09-004: PSA10 $125 < 35% of raw-NM $930 (변형 오매칭)
OP-13 #5 OP09-004: active=0
OP-13 #6 OP13-119: active=4
  raw-drop OP-13 OP09-004: PSA10 $125 < 35% of raw-NM $502 (변형 오매칭)
OP-13 #7 OP09-004: active=0
OP-13 #8 OP13-120: active=5
OP-13 #9 OP13-091: active=0
OP-13 #10 OP13-119: active=7
OP-14 #1 OP09-051: active=2
OP-14 #2 OP09-051: active=1
OP-14 #3 PRB02-006: active=2
OP-14 #4 OP14-119: active=2
OP-14 #5 OP14-112: active=2
OP-14 #6 OP14-118: active=4
OP-14 #7 OP12-030: active=1
OP-14 #8 OP06-093: active=2
OP-14 #9 OP14-096: active=10
OP-14 #10 OP10-065: active=1
OP-15 #1 OP15-118: active=3
OP-15 #2 EB04-044: active=6
OP-15 #3 OP12-014: active=3
  set-mismatch OP-15 ST26-005: listing Set="ST26" ≠ OP-15 — drop (재판 오매칭)
OP-15 #4 ST26-005: active=0
OP-15 #5 OP11-106: active=9
OP-15 #6 OP13-037: active=0
OP-15 #7 OP15-086: active=2
OP-15 #8 OP13-031: active=2
  set-mismatch OP-15 OP13-042: listing Set="OP13" ≠ OP-15 — drop (재판 오매칭)
OP-15 #9 OP13-042: active=0
OP-15 #10 PRB02-014: active=5
OP-16 #1 OP16-065: active=6
OP-16 #2 OP16-063: active=5
OP-16 #3 OP16-073: active=11
OP-16 #4 OP14-084: active=4
OP-16 #5 ST15-005: active=9
OP-16 #6 OP14-029: active=1
OP-16 #7 OP11-067: active=0
OP-16 #8 OP16-116: active=6
OP-16 #9 EB04-054: active=1
OP-16 #10 OP16-022: active=1
EB-01 #1 EB01-006: active=8
EB-01 #2 EB01-006: active=9
EB-01 #3 EB01-061: active=2
EB-01 #4 EB01-048: active=0
EB-01 #5 EB01-001: active=4
EB-01 #6 EB01-006: active=36
EB-01 #7 EB01-021: active=1
EB-01 #8 EB01-013: active=2
EB-01 #9 EB01-046: active=6
EB-01 #10 EB01-012: active=2
EB-02 #1 OP07-038: active=1
EB-02 #2 EB02-061: active=3
EB-02 #3 OP05-060: active=3
EB-02 #4 OP08-001: active=0
EB-02 #5 OP08-058: active=1
EB-02 #6 EB02-010: active=1
EB-02 #7 OP06-021: active=3
EB-02 #8 OP05-001: active=1
EB-02 #9 OP06-022: active=1
EB-02 #10 OP06-001: active=4
EB-03 #1 EB03-026: active=1
EB-03 #2 EB03-055: active=5
EB-03 #3 EB03-053: active=1
EB-03 #4 EB03-061: active=2
EB-03 #5 EB03-024: active=4
EB-03 #6 EB03-045: active=4
EB-03 #7 EB03-003: active=5
EB-03 #8 EB03-031: active=3
EB-03 #9 EB03-042: active=12
EB-03 #10 EB03-018: active=14
PRB-01 #1 OP05-119: active=3
  set-mismatch PRB-01 EB01-006: listing Set="EB01" ≠ PRB-01 — drop (재판 오매칭)
PRB-01 #2 EB01-006: active=0
PRB-01 #3 OP01-016: active=5
PRB-01 #4 OP06-118: active=7
PRB-01 #5 OP01-120: active=6
  raw-drop PRB-01 OP02-013: PSA10 $210 < 35% of raw-NM $1244 (변형 오매칭)
PRB-01 #6 OP02-013: active=0
PRB-01 #7 OP05-069: active=3
  set-mismatch PRB-01 OP05-074: listing Set="OP01" ≠ PRB-01 — drop (재판 오매칭)
PRB-01 #8 OP05-074: active=0
PRB-01 #9 DON!!: active=30
PRB-01 #10 OP04-083: active=1
PRB-02 #1 OP06-119: active=5
PRB-02 #2 OP09-078: active=6
  sanity-drop PRB-02 EB02-061: best $459 < 35% of sold-mid $2943
PRB-02 #3 EB02-061: active=0
PRB-02 #4 OP09-096: active=5
PRB-02 #5 OP09-020: active=12
PRB-02 #6 OP09-057: active=4
PRB-02 #7 OP06-007: active=3
PSA10 active links updated=178 empty=29
