[retry] attempt 1/2: node tools/update-ebay-pack-prices.js
OP-01: USD low=211.56 mid=309.99 high=379.99 kept=11 excluded=17
OP-02: USD low=130 mid=154.99 high=211.95 kept=7 excluded=9
OP-03: USD low=129.99 mid=149.99 high=171.99 kept=5 excluded=10
OP-04: USD low=194.99 mid=194.99 high=194.99 kept=1 excluded=18
OP-05: USD low=149.99 mid=151.89 high=175.99 kept=8 excluded=22
OP-06: USD low=197.28 mid=219.99 high=260 kept=7 excluded=12
OP-07: USD low=null mid=null high=null kept=0 excluded=0
OP-08: USD low=65 mid=99 high=107.7 kept=9 excluded=19
OP-09: USD low=132.99 mid=139.99 high=200 kept=5 excluded=21
OP-10: USD low=62.99 mid=107.41 high=129.99 kept=9 excluded=5
OP-11: USD low=138.99 mid=139.99 high=145 kept=5 excluded=24
OP-12: USD low=130 mid=170 high=170 kept=2 excluded=23
OP-13: USD low=129.99 mid=214.72 high=228.98 kept=8 excluded=6
OP-14: USD low=89.9 mid=132.52 high=149.99 kept=4 excluded=17
OP-15: USD low=99 mid=117.25 high=154.99 kept=10 excluded=3
OP-16: USD low=119 mid=125.45 high=149.88 kept=12 excluded=11
OP-17: USD low=139.99 mid=154.99 high=156.56 kept=5 excluded=9
EB-01: USD low=150 mid=199.99 high=199.99 kept=2 excluded=22
EB-02: USD low=99.85 mid=134.5 high=317.54 kept=3 excluded=11
EB-03: USD low=110 mid=115.99 high=159.99 kept=10 excluded=15
PRB-01: USD low=174.99 mid=325 high=499 kept=5 excluded=16
PRB-02: USD low=69 mid=107.45 high=108.99 kept=6 excluded=19
