[retry] attempt 1/2: node tools/update-ebay-english-pack-prices.js
OP-01 EN: USD low=1500 mid=1899.88 high=5500 kept=11 excluded=0
OP-02 EN: USD low=580 mid=682.44 high=1000 kept=9 excluded=0
OP-03 EN: USD low=575 mid=639.95 high=899.99 kept=13 excluded=0
OP-04 EN: USD low=519.96 mid=569.88 high=649.99 kept=15 excluded=0
OP-05 EN: USD low=1100 mid=1200 high=1250 kept=8 excluded=0
OP-06 EN: USD low=400 mid=449.99 high=500 kept=11 excluded=0
OP-07 EN: USD low=259.33 mid=399.99 high=499.99 kept=5 excluded=0
OP-08 EN: USD low=260 mid=299 high=399.99 kept=11 excluded=0
OP-09 EN: USD low=649.99 mid=688.88 high=700 kept=14 excluded=0
OP-10 EN: USD low=240 mid=266.81 high=274.99 kept=15 excluded=0
OP-11 EN: USD low=599.99 mid=648 high=750 kept=15 excluded=0
OP-12 EN: USD low=270 mid=275 high=300 kept=15 excluded=0
OP-13 EN: USD low=479.69 mid=500 high=641.5 kept=20 excluded=0
OP-14 EN: USD low=270 mid=284.99 high=300 kept=10 excluded=0
OP-15 EN: USD low=279 mid=290 high=300 kept=7 excluded=0
OP-16 EN: USD low=235 mid=250 high=256.98 kept=8 excluded=0
OP-17 EN: USD low=349.99 mid=367.99 high=379.99 kept=19 excluded=0
EB-01 EN: USD low=922.5 mid=960 high=1049.99 kept=5 excluded=0
EB-02 EN: USD low=810 mid=849.99 high=1000 kept=4 excluded=0
EB-03 EN: USD low=324.99 mid=349.99 high=645 kept=9 excluded=0
PRB-01 EN: USD low=999.99 mid=1000 high=1199 kept=7 excluded=0
PRB-02 EN: USD low=412.54 mid=428 high=449.99 kept=7 excluded=0
English box prices updated.
