Collected OP-01: 2026-08-09
Collected OP-02: 2026-08-09
Collected OP-03: 2026-08-09
Collected OP-04: 2026-08-09
Collected OP-05: 2026-08-09
Collected OP-06: 2026-08-09
Collected EB-01: 2026-08-09
Collected OP-07: 2026-08-09
Collected OP-08: 2026-08-09
Collected PRB-01: 2026-08-09
Collected OP-09: 2026-08-09
Collected OP-10: 2026-08-09
Collected EB-02: 2026-08-09
Collected OP-11: 2026-08-09
Collected OP-12: 2026-08-09
Collected PRB-02: 2026-08-09
Collected OP-13: 2026-08-09
Collected OP-14: 2026-08-09
Collected EB-03: 2026-08-09
Collected OP-15: 2026-08-09
Collected OP-16: 2026-08-09
{
  "status": "updated",
  "changed": true,
  "through": "2026-08-05",
  "added": [
    "2026-08-05"
  ]
}
