Collected OP-01|jp: 2026-08-02
Collected OP-02|jp: 2026-08-02
Collected OP-03|jp: 2026-08-02
Collected OP-04|jp: 2026-08-02
Collected OP-05|jp: 2026-08-02
Collected OP-06|jp: 2026-08-02
Collected EB-01|jp: 2026-08-02
Collected OP-07|jp: 2026-08-02
Collected OP-08|jp: 2026-08-02
Collected PRB-01|jp: 2026-08-02
Collected OP-09|jp: 2026-08-02
Collected OP-10|jp: 2026-08-02
Collected EB-02|jp: 2026-08-02
Collected OP-11|jp: 2026-08-02
Collected OP-12|jp: 2026-08-02
Collected PRB-02|jp: 2026-08-02
Collected OP-13|jp: 2026-08-02
Collected OP-14|jp: 2026-08-02
Collected EB-03|jp: 2026-08-02
Collected OP-15|jp: 2026-08-02
Collected OP-16|jp: 2026-08-02
Collected OP-01|en: 2026-08-02
Collected OP-02|en: 2026-08-02
Collected OP-03|en: 2026-08-02
Collected OP-04|en: 2026-08-02
Collected OP-05|en: 2026-08-02
Collected OP-06|en: 2026-08-02
Collected EB-01|en: 2026-08-02
Collected OP-07|en: 2026-08-02
Collected OP-08|en: 2026-08-02
Collected PRB-01|en: 2026-08-02
Collected OP-09|en: 2026-08-02
Collected OP-10|en: 2026-08-02
Collected EB-02|en: 2026-08-02
Collected OP-11|en: 2026-08-02
Collected OP-12|en: 2026-08-02
Collected PRB-02|en: 2026-08-02
Collected OP-13|en: 2026-08-02
Collected EB-03|en: 2026-08-02
Collected OP-16|en: 2026-08-02
{"status":"ok","wed":"2026-07-29","added":40,"dup":0,"reject":0,"missing":0,"weeks":3}
